 Container aws_videobench-smoke-run-8a869ea96bb7 Creating 
 Container aws_videobench-smoke-run-8a869ea96bb7 Created 
[rrv] corpus=498 docs, 674.75 h of footage (video-stream probed), mode=blast, warm=2, timeout=86400s, pipe_ttl=93600s
[rrv] pipeline up, token=tk_d249a1ab16f743318c62a15da5db0ec8, threads_requested=NONE (engine default)
[rrv] progress: yanks_are_coming.mp4 complete (1 terminal events, t+228s)
[rrv] progress: zontar_the_thing_from_venus.mp4 complete (2 terminal events, t+274s)
[rrv] warm-start: 2 docs in 251.0s (excluded from measurement)
[rrv] progress: BerlinSymphonyofaGreatCity.mp4 complete (1 terminal events, t+3245s)
[rrv] progress: ChelovekskinoapparatomManWithAMovieCamera.mp4 complete (2 terminal events, t+3789s)
[rrv] progress: ACloseCallForBostonBlackie.mp4 complete (3 terminal events, t+3828s)
[rrv] progress: Billy_the_Kid_Wanted_1941.mp4 complete (4 terminal events, t+3851s)
[rrv] progress: Black_Raven_movie.mp4 complete (5 terminal events, t+3913s)
[rrv] progress: BehindGreenLights_high_Q_mp4.mp4 complete (6 terminal events, t+3928s)
[rrv] progress: Bowery_at_Midnight.mp4 complete (7 terminal events, t+3932s)
[rrv] progress: BlackDragons.mp4 complete (8 terminal events, t+3953s)
[rrv] progress: ChildBride.mp4 complete (9 terminal events, t+4148s)
[rrv] progress: ABucketOfBlood1959.mp4 complete (10 terminal events, t+4149s)
[rrv] progress: AdventureIsland.mp4 complete (11 terminal events, t+4316s)
[rrv] progress: BattleBeyondTheSun.mp4 complete (12 terminal events, t+4316s)
[rrv] progress: CC_1914_11_14_TilliesPuncturedRomance.mp4 complete (13 terminal events, t+4317s)
[rrv] progress: Bloodlust.mpeg.mp4 complete (14 terminal events, t+4397s)
[rrv] progress: BattleshipPotemkin.mp4 complete (15 terminal events, t+4397s)
[rrv] progress: BattleofBloodIsland.mp4 complete (16 terminal events, t+4477s)
[rrv] progress: Bluebeard.mp4 complete (17 terminal events, t+4480s)
[rrv] progress: A_Study_In_Scarlet.mp4 complete (18 terminal events, t+4511s)
[rrv] progress: Bird_of_Paradise_1932.mp4 complete (19 terminal events, t+4555s)
[rrv] progress: CrashoftheMoons.mp4 complete (20 terminal events, t+4555s)
[rrv] progress: CreatureFromTheHauntedSea1961.mp4 complete (21 terminal events, t+4580s)
[rrv] progress: Assignment_Outer_Space.mp4 complete (22 terminal events, t+4584s)
[rrv] progress: BlondeIce1948.mp4 complete (23 terminal events, t+4700s)
[rrv] progress: CreatureFromTheHauntedSea.mp4 complete (24 terminal events, t+4700s)
[rrv] progress: Attack_From_Space.mp4 complete (25 terminal events, t+4763s)
[rrv] progress: DanielBoone1936.mp4 complete (26 terminal events, t+4793s)
[rrv] progress: CarnivalOfSouls1962.mp4 complete (27 terminal events, t+4830s)
[rrv] progress: C-Man.mp4 complete (28 terminal events, t+4841s)
[rrv] progress: BeauIdeal.mp4 complete (29 terminal events, t+4968s)
[rrv] progress: AfricaScreams.mp4 complete (30 terminal events, t+5008s)
[rrv] progress: ARomanceOfTheRedwoods.mp4 complete (31 terminal events, t+5511s)
[rrv] progress: 20000LeaguesUndertheSea.mp4 complete (32 terminal events, t+6027s)
[rrv] progress: Attack_of_the_Monsters.mp4 complete (33 terminal events, t+8141s)
[rrv] progress: CurseOfTheSwampCreature1966_742.mp4 complete (34 terminal events, t+8142s)
[rrv] progress: BloodyPitOfHorror.mp4 complete (35 terminal events, t+8303s)
[rrv] progress: CarnivalofSouls.mp4 complete (36 terminal events, t+8364s)
[rrv] progress: Becky_Sharp_.mp4 complete (37 terminal events, t+8485s)
[rrv] progress: BorntoWin.mp4 complete (38 terminal events, t+8485s)
[rrv] progress: AtomAgeVampire.mp4 complete (39 terminal events, t+8632s)
[rrv] progress: CaptainKidd_.mp4 complete (40 terminal events, t+8792s)
[rrv] progress: Apache_Blood.mp4 complete (41 terminal events, t+8835s)
[rrv] progress: Cosmos_War_of_the_Planets.mp4 complete (42 terminal events, t+9007s)
[rrv] progress: CarnivalOfSoulsVideoQualityUpgrade.mp4 complete (43 terminal events, t+9012s)
[rrv] progress: AbileneTown.mp4 complete (44 terminal events, t+9116s)
[rrv] progress: BeatTheDevil1953.mp4 complete (45 terminal events, t+9163s)
[rrv] progress: AtWarWithTheArmy.mp4 complete (46 terminal events, t+9274s)
[rrv] progress: AteneaFilmsPublicDomainTheInvincibleGladiator.mp4 complete (47 terminal events, t+9374s)
[rrv] progress: CCandCompany.mp4 complete (48 terminal events, t+9434s)
[rrv] progress: ConcreteCowboys.mp4 complete (49 terminal events, t+9484s)
[rrv] progress: Cafune.mp4 complete (50 terminal events, t+9531s)
[rrv] progress: Cleopatra_1912.mp4 complete (51 terminal events, t+9576s)
[rrv] progress: ArchOfTriumph.mp4 complete (52 terminal events, t+9642s)
[rrv] progress: BloodontheSun.mp4 complete (53 terminal events, t+9671s)
[rrv] progress: BlackFist.mp4 complete (54 terminal events, t+9718s)
[rrv] progress: Crossroads_french_documentary_on_Robert_Johnson.mp4 complete (55 terminal events, t+9778s)
[rrv] progress: BloodyWednesday.mp4 complete (56 terminal events, t+9851s)
[rrv] progress: AsYouLikeIt1936.mp4 complete (57 terminal events, t+9974s)
[rrv] progress: Algiers_.mp4 complete (58 terminal events, t+10136s)
[rrv] progress: DeathRage.mp4 complete (59 terminal events, t+10173s)
[rrv] progress: AngelAndTheBadManVideoQualityUpgrade.mp4 complete (60 terminal events, t+10231s)
[rrv] progress: EvilBrainFromOuterSpace.mp4 complete (61 terminal events, t+10352s)
[rrv] progress: AStarIsBorn.mp4 complete (62 terminal events, t+10885s)
[rrv] progress: Cyrano_DeBergerac.mp4 complete (63 terminal events, t+11035s)
[rrv] progress: DeadMenWalk.mp4 complete (64 terminal events, t+11659s)
[rrv] progress: Ace_of_Hearts_1921.mp4 complete (65 terminal events, t+11688s)
[rrv] progress: Breaking_With_Old_Ideas.mp4 complete (66 terminal events, t+11965s)
[rrv] progress: Dick_Tracy_Meets_Gruesome_1947.mp4 complete (67 terminal events, t+11973s)
[rrv] progress: Detour.mp4 complete (68 terminal events, t+12062s)
[rrv] progress: DiaryofaNudist.mp4 complete (69 terminal events, t+12428s)
[rrv] progress: Daniel_Boone_-_Trail_Blazer.mp4 complete (70 terminal events, t+12624s)
[rrv] progress: Fear_in_the_Night.mp4 complete (71 terminal events, t+13136s)
[rrv] progress: DressedToKill1946.mp4 complete (72 terminal events, t+13342s)
[rrv] progress: DoomsdayMachine1972.mp4 complete (73 terminal events, t+13356s)
[rrv] progress: Fog_island_1945.mp4 complete (74 terminal events, t+13506s)
[rrv] progress: DeadManDrinking.mp4 complete (75 terminal events, t+13644s)
[rrv] progress: Doomed_to_Die_1940.mp4 complete (76 terminal events, t+13813s)
[rrv] progress: Fire_Monsters_Against_The_Son_of_Hercules.mp4 complete (77 terminal events, t+13853s)
[rrv] progress: Dont_Look_in_theBasement.mp4 complete (78 terminal events, t+13859s)
[rrv] progress: GetChristieLove.mp4 complete (79 terminal events, t+13878s)
[rrv] progress: Drums_in_the_Deep_South.mp4 complete (80 terminal events, t+13891s)
[rrv] progress: Destroy_All_Planets.mp4 complete (81 terminal events, t+13945s)
[rrv] progress: FightingCaravans1931_368.mp4 complete (82 terminal events, t+14107s)
[rrv] progress: EndoftheWorld.mp4 complete (83 terminal events, t+14133s)
[rrv] progress: DeviloftheDesertAgainstSonofHercules.mp4 complete (84 terminal events, t+14208s)
[rrv] progress: Eisenstein-October.mp4 complete (85 terminal events, t+14286s)
[rrv] progress: FirstSpaceshipOnVenusMPEG.mp4 complete (86 terminal events, t+14295s)
[rrv] progress: Eegah.mp4 complete (87 terminal events, t+14499s)
[rrv] progress: GulliversTravels1939_201509.mp4 complete (88 terminal events, t+14550s)
[rrv] progress: DrillerKillerUncut1979.mp4 complete (89 terminal events, t+14638s)
[rrv] progress: FamilyEnforcer.mp4 complete (90 terminal events, t+14689s)
[rrv] progress: Dominique_638.mp4 complete (91 terminal events, t+14711s)
[rrv] progress: Go_for_Broke.mp4 complete (92 terminal events, t+15141s)
[rrv] progress: GulliversTravels720p_652.mp4 complete (93 terminal events, t+15256s)
[rrv] progress: HisPrivateSecretary1933.mp4 complete (94 terminal events, t+15333s)
[rrv] progress: Gods_Gun.mp4 complete (95 terminal events, t+15546s)
[rrv] progress: GonewiththeWest.mp4 complete (96 terminal events, t+15859s)
[rrv] progress: Holy_Terror_Podcast_Halloween.mp4 complete (97 terminal events, t+16210s)
[rrv] progress: Decay2012-TheLhcZombieFilmfullFilm.mp4 complete (98 terminal events, t+16263s)
[rrv] progress: HiDiddleDiddle.mp4 complete (99 terminal events, t+16467s)
[rrv] progress: Grave_of_the_Vampire_movie.mp4 complete (100 terminal events, t+16634s)
[rrv] progress: Hitch_Hiker.mp4 complete (101 terminal events, t+17056s)
[rrv] progress: Gung_Ho.mp4 complete (102 terminal events, t+17354s)
[rrv] progress: ABucketofBlood.mp4 complete (103 terminal events, t+17473s)
[rrv] progress: HouseOnBareMountain.mp4 complete (104 terminal events, t+17514s)
[rrv] progress: Inner_Sanctum_movie.mp4 complete (105 terminal events, t+17586s)
[rrv] progress: Haxan_tinted_and_subtitled.mp4 complete (106 terminal events, t+17731s)
[rrv] progress: Horrors_of_Spider_Island.mp4 complete (107 terminal events, t+18003s)
[rrv] progress: Hercules_and_the_Tyrants_of_Babylon.mp4 complete (108 terminal events, t+18052s)
[rrv] progress: Horror_Hotel.mp4 complete (109 terminal events, t+18059s)
[rrv] progress: Hercules_Against_the_Moon_Men.mp4 complete (110 terminal events, t+18141s)
[rrv] progress: HowAwfulAboutAllan.mp4 complete (111 terminal events, t+18163s)
[rrv] progress: Indiscreet.mp4 complete (112 terminal events, t+18360s)
[rrv] progress: HisGirlFriday-1940.mp4 complete (113 terminal events, t+18392s)
[rrv] progress: DiaryOfANudistwidescreen.mp4 complete (114 terminal events, t+18437s)
[rrv] progress: Horror_Express.mp4 complete (115 terminal events, t+18818s)
[rrv] progress: HighRisk.mp4 complete (116 terminal events, t+18924s)
[rrv] progress: Hollywood_Man.mp4 complete (117 terminal events, t+18946s)
[rrv] progress: IronAngel.mp4 complete (118 terminal events, t+19076s)
[rrv] progress: HerculesUnchained.mp4 complete (119 terminal events, t+19166s)
[rrv] progress: HouseOnHauntedHill1959.mp4 complete (120 terminal events, t+19412s)
[rrv] progress: InvasionOfTheBeeGirls.mp4 complete (121 terminal events, t+19443s)
[rrv] progress: Jackie_Robinson_Story_The.mp4 complete (122 terminal events, t+19464s)
[rrv] progress: Jigsaw_.mp4 complete (123 terminal events, t+19783s)
[rrv] progress: IslandOfLostWomen.mp4 complete (124 terminal events, t+19832s)
[rrv] progress: I_Love_Trouble_movie.mp4 complete (125 terminal events, t+19846s)
[rrv] progress: GreatExpectations1946.mp4 complete (126 terminal events, t+19931s)
[rrv] progress: HorrorExpresswithSpanishSubtitles.mp4 complete (127 terminal events, t+20313s)
[rrv] progress: Killers_from_space.mp4 complete (128 terminal events, t+20380s)
[rrv] progress: JailBait.mp4 complete (129 terminal events, t+20566s)
[rrv] progress: ItSeemedLikeaGoodIdeaattheTimeMPEG2.mp4 complete (130 terminal events, t+21153s)
[rrv] progress: Lady_Confesses.mp4 complete (131 terminal events, t+21574s)
[rrv] progress: LastWonanOnEarthColor.mp4 complete (132 terminal events, t+21707s)
[rrv] progress: InvasionOfTheBeeGirlsWidescreenQualityUpgrade.mp4 complete (133 terminal events, t+22176s)
[rrv] progress: KingLearOrsonWellesWiFi.mp4 complete (134 terminal events, t+22227s)
[rrv] progress: Hitchcock_Secret_Agent.mp4 complete (135 terminal events, t+22309s)
[rrv] progress: DoubleFeatureHell2theGrindhouseExperience.mp4 complete (136 terminal events, t+22416s)
[rrv] progress: KingSolomonsMines1937.mp4 complete (137 terminal events, t+22465s)
[rrv] progress: King_of_the_Zombies.mp4 complete (138 terminal events, t+22714s)
[rrv] progress: MajesticPicturesPublicDomainTheScarletLetter.mp4 complete (139 terminal events, t+22714s)
[rrv] progress: Minesweeper_1943.mp4 complete (140 terminal events, t+22821s)
[rrv] progress: MesaOfLostWomen.mp4 complete (141 terminal events, t+22821s)
[rrv] progress: ItCanBeDoneAmigo.mp4 complete (142 terminal events, t+22861s)
[rrv] progress: Lady_X.mp4 complete (143 terminal events, t+23141s)
[rrv] progress: KarateKidsUSA.mp4 complete (144 terminal events, t+23293s)
[rrv] progress: OperationIVY1952.mp4 complete (145 terminal events, t+23334s)
[rrv] progress: Murder_At_The_Baskervilles.mp4 complete (146 terminal events, t+23363s)
[rrv] progress: DoubleFeatureHell6grindhouse2.mp4 complete (147 terminal events, t+23395s)
[rrv] progress: In_Which_We_Serve.mp4 complete (148 terminal events, t+23398s)
[rrv] progress: MaybeIllComeHomeintheSpring.mp4 complete (149 terminal events, t+23452s)
[rrv] progress: LadyofBurlesque.mp4 complete (150 terminal events, t+23772s)
[rrv] progress: LouisianaHussy_319.mp4 complete (151 terminal events, t+24073s)
[rrv] progress: JungleBook.mp4 complete (152 terminal events, t+24139s)
[rrv] progress: LoveAffair.mp4 complete (153 terminal events, t+24204s)
[rrv] progress: NothingSacred.mp4 complete (154 terminal events, t+24451s)
[rrv] progress: PeliculasDeChaplin-1914.mp4 complete (155 terminal events, t+24495s)
[rrv] progress: Kilimanjaro.mp4 complete (156 terminal events, t+24627s)
[rrv] progress: Ma_Barkers_Killer_Brood.mp4 complete (157 terminal events, t+24749s)
[rrv] progress: Mastertouch.mp4 complete (158 terminal events, t+24905s)
[rrv] progress: Milky_Way_movie.mp4 complete (159 terminal events, t+25113s)
[rrv] progress: Midnight.Manhunt.mp4 complete (160 terminal events, t+25911s)
[rrv] progress: MyOutlawBrother.mp4 complete (161 terminal events, t+26081s)
[rrv] progress: ParlorBedroomandBath.mp4 complete (162 terminal events, t+26216s)
[rrv] progress: PhantomExpress.mp4 complete (163 terminal events, t+26394s)
[rrv] progress: NakedMassacre1976.mp4 complete (164 terminal events, t+26394s)
[rrv] progress: Oh_Mr.Porter_1937.mp4 complete (165 terminal events, t+26614s)
[rrv] progress: Intolerance.mp4 complete (166 terminal events, t+26735s)
[rrv] progress: Phantom_From_Space.mp4 complete (167 terminal events, t+26824s)
[rrv] progress: HorrorHotel1960.mp4 complete (168 terminal events, t+27054s)
[rrv] progress: QueenoftheAmazons.mp4 complete (169 terminal events, t+27054s)
[rrv] progress: DoubleFeatureHell8grindhouse3.mp4 complete (170 terminal events, t+27155s)
[rrv] progress: Mr_Wong_in_Chinatown.mp4 complete (171 terminal events, t+27252s)
[rrv] progress: Our_Town.mp4 complete (172 terminal events, t+27409s)
[rrv] progress: Please_Murder_Me_movie.mp4 complete (173 terminal events, t+27502s)
[rrv] progress: LifeWithFather.mp4 complete (174 terminal events, t+27620s)
[rrv] progress: MurderOnFlight502.mp4 complete (175 terminal events, t+27647s)
[rrv] progress: MyManGodfrey1936.mp4 complete (176 terminal events, t+27661s)
[rrv] progress: PhantasmagoriaTheater-AttackOfTheMushroomPeople1963147.mp4 complete (177 terminal events, t+27823s)
[rrv] progress: Rocky_Mountain_Mystery_1935.mp4 complete (178 terminal events, t+27824s)
[rrv] progress: Mr._Wong_Detective.mp4 complete (179 terminal events, t+27859s)
[rrv] progress: Phantom_Planet.mp4 complete (180 terminal events, t+27922s)
[rrv] progress: Night.Of.The.Living.Dead_1080p.mp4 complete (181 terminal events, t+28052s)
[rrv] progress: QuevivaMexico.mp4 complete (182 terminal events, t+28131s)
[rrv] progress: Port_of_New_York.mp4 complete (183 terminal events, t+28599s)
[rrv] progress: Scared_to_Death.mp4 complete (184 terminal events, t+28809s)
[rrv] progress: OnlytheValaint.mp4 complete (185 terminal events, t+28915s)
[rrv] progress: ReturnoftheScarletPimpernel.mp4 complete (186 terminal events, t+28951s)
[rrv] progress: Quicksand_clear.mp4 complete (187 terminal events, t+29255s)
[rrv] progress: Seven_Doors_to_Death.mp4 complete (188 terminal events, t+29276s)
[rrv] progress: ProjectKill.mp4 complete (189 terminal events, t+29643s)
[rrv] progress: PrisonersOfTheLostUniverse1983.mp4 complete (190 terminal events, t+29652s)
[rrv] progress: PublicDomainAnsaFilmandBeaverChampionAttactionsDavidandGoliath1960.mp4 complete (191 terminal events, t+29684s)
[rrv] progress: Napoleon_.mp4 complete (192 terminal events, t+29913s)
[rrv] progress: Phantom_of_Chinatown_1940.mp4 complete (193 terminal events, t+30034s)
[rrv] progress: SherlockHolmesAndTheSecretWeapon1943.mp4 complete (194 terminal events, t+30034s)
[rrv] progress: PostmarkForDanger.mp4 complete (195 terminal events, t+30359s)
[rrv] progress: Sobaka.mp4 complete (196 terminal events, t+31110s)
[rrv] progress: TarzanandtheTrappers.mp4 complete (197 terminal events, t+31423s)
[rrv] progress: Pygmalion.mp4 complete (198 terminal events, t+31464s)
[rrv] progress: TheGeneral.mp4 complete (199 terminal events, t+31543s)
[rrv] progress: TheAtomicBrain.mp4 complete (200 terminal events, t+31669s)
[rrv] progress: SilentNightBloodyNight.mp4 complete (201 terminal events, t+31823s)
[rrv] progress: Saint_Louis_Bank_Robbery.mp4 complete (202 terminal events, t+31823s)
[rrv] progress: Sita_Sings_the_Blues.mp4 complete (203 terminal events, t+31909s)
[rrv] progress: PublicDomainJollyFilmJosephandHisBrethren.mp4 complete (204 terminal events, t+31982s)
[rrv] progress: StreetScene1931.mp4 complete (205 terminal events, t+32141s)
[rrv] progress: SonofHerculesTheLandofDarkness.mp4 complete (206 terminal events, t+32181s)
[rrv] progress: SilentNightBloodyNight1972.mp4 complete (207 terminal events, t+32181s)
[rrv] progress: Jamaica_Inn.mp4 complete (208 terminal events, t+32210s)
[rrv] progress: TheCorpseVanishes.mp4 complete (209 terminal events, t+32401s)
[rrv] progress: TheBeachGirlsAndTheMonster.mp4 complete (210 terminal events, t+32447s)
[rrv] progress: StarWreckInThePirkining.mp4 complete (211 terminal events, t+32555s)
[rrv] progress: TheFlyingDeuces.mp4 complete (212 terminal events, t+32694s)
[rrv] progress: StarOdysseyitalianStarWars1979.mp4 complete (213 terminal events, t+32750s)
[rrv] progress: ScarletStreet.mp4 complete (214 terminal events, t+32837s)
[rrv] progress: SantaClausversusTheDevil.mp4 complete (215 terminal events, t+32875s)
[rrv] progress: TheGhoul.mp4 complete (216 terminal events, t+33057s)
[rrv] progress: TheIncrediblePetrifiedWorld.mp4 complete (217 terminal events, t+33130s)
[rrv] progress: TeenagersFromOuterSpace1959.mp4 complete (218 terminal events, t+33306s)
[rrv] progress: Santa_Fe_Trail_movie.mp4 complete (219 terminal events, t+33648s)
[rrv] progress: Smash-Up.mp4 complete (220 terminal events, t+33700s)
[rrv] progress: Teaserama.mp4 complete (221 terminal events, t+33711s)
[rrv] progress: ThatUncertainFeeling.mp4 complete (222 terminal events, t+33824s)
[rrv] progress: TheChase_.mp4 complete (223 terminal events, t+34285s)
[rrv] progress: TheBeachcomber.mp4 complete (224 terminal events, t+34457s)
[rrv] progress: TheMostDangerousGame.mp4 complete (225 terminal events, t+35181s)
[rrv] progress: TheBigWheel.mp4 complete (226 terminal events, t+35181s)
[rrv] progress: The.Dark.Hour.mp4 complete (227 terminal events, t+35262s)
[rrv] progress: TheLittleShopOfHorrors1960_765.mp4 complete (228 terminal events, t+35334s)
[rrv] progress: TenGladiators.mp4 complete (229 terminal events, t+35385s)
[rrv] progress: TheLazarusSyndrome.mp4 complete (230 terminal events, t+35388s)
[rrv] progress: TheGolem_893.mp4 complete (231 terminal events, t+35525s)
[rrv] progress: TheGhostTrain.mp4 complete (232 terminal events, t+35556s)
[rrv] progress: TheMarinesareComing.mp4 complete (233 terminal events, t+35690s)
[rrv] progress: TheLimpingMan.mp4 complete (234 terminal events, t+35791s)
[rrv] progress: ThePaintedHills.mp4 complete (235 terminal events, t+35987s)
[rrv] progress: TheOvertheHillGang.mp4 complete (236 terminal events, t+35987s)
[rrv] progress: Sabotage_1936.mp4 complete (237 terminal events, t+36092s)
[rrv] progress: TheOver-the-HillGangRidesAgain.mp4 complete (238 terminal events, t+36387s)
[rrv] progress: TheSphinx-1933.mp4 complete (239 terminal events, t+36392s)
[rrv] progress: TheMagicSword.mp4 complete (240 terminal events, t+36484s)
[rrv] progress: TheScreamingSkull.mp4 complete (241 terminal events, t+36498s)
[rrv] progress: TheLostZeppelin.mp4 complete (242 terminal events, t+36619s)
[rrv] progress: ThePhantomCreeps.mp4 complete (243 terminal events, t+37036s)
[rrv] progress: TheProudAndTheDamned-1972.mp4 complete (244 terminal events, t+37314s)
[rrv] progress: TheSnowCreature.mp4 complete (245 terminal events, t+37427s)
[rrv] progress: TheManWhoSavedTheWorldturkishStarWars1982.mp4 complete (246 terminal events, t+37525s)
[rrv] progress: TheWizardOfOz1925.mp4 complete (247 terminal events, t+37870s)
[rrv] progress: TheSheBeast.mp4 complete (248 terminal events, t+38058s)
[rrv] progress: ThePhantomoftheOpera.mp4 complete (249 terminal events, t+38730s)
[rrv] progress: TheDayOfTheTriffids.mp4 complete (250 terminal events, t+38730s)
[rrv] progress: TheNorthStar.mp4 complete (251 terminal events, t+38764s)
[rrv] progress: TheProudandtheDamned_201511.mp4 complete (252 terminal events, t+38843s)
[rrv] progress: TheSheik.mp4 complete (253 terminal events, t+39042s)
[rrv] progress: The_Bold_Caballero.mp4 complete (254 terminal events, t+39095s)
[rrv] progress: TheScarletPimpernel.mp4 complete (255 terminal events, t+39244s)
[rrv] progress: TheSwap.mp4 complete (256 terminal events, t+39505s)
[rrv] progress: TheTerror.mp4 complete (257 terminal events, t+39604s)
[rrv] progress: The_Evil_Mind.mp4 complete (258 terminal events, t+39610s)
[rrv] progress: TheWomanInGreen1945.mp4 complete (259 terminal events, t+39827s)
[rrv] progress: TheYesterdayMachine1963.mp4 complete (260 terminal events, t+39866s)
[rrv] progress: The_Bat_Vincent_Price.mp4 complete (261 terminal events, t+39887s)
[rrv] progress: The_Atomic_Man_1955.mp4 complete (262 terminal events, t+40000s)
[rrv] progress: TheSoutherner.mp4 complete (263 terminal events, t+40244s)
[rrv] progress: TheStranger_0.mp4 complete (264 terminal events, t+40265s)
[rrv] progress: The_General_Buster_Keaton.mp4 complete (265 terminal events, t+40300s)
[rrv] progress: TheRedHouse.mp4 complete (266 terminal events, t+40610s)
[rrv] progress: TheTreasureOfJamaicaReef.mp4 complete (267 terminal events, t+40697s)
[rrv] progress: The_Killer_Shrews.mp4 complete (268 terminal events, t+40717s)
[rrv] progress: ThePyx.mp4 complete (269 terminal events, t+40784s)
[rrv] progress: The_Hoodlum.mp4 complete (270 terminal events, t+40835s)
[rrv] progress: TheYinandtheYangofMr.Go.mp4 complete (271 terminal events, t+41164s)
[rrv] progress: The_Little_Shop_of_Horrors.mpeg.mp4 complete (272 terminal events, t+41201s)
[rrv] progress: TheNastyRabbit1964.mp4.mp4 complete (273 terminal events, t+41262s)
[rrv] progress: The_Big_Combo_1955.mp4 complete (274 terminal events, t+41289s)
[rrv] progress: ShockerInternetDriveIn-Week13dementedDoubleFeature.mp4 complete (275 terminal events, t+41469s)
[rrv] progress: TheWildWomenOfWongoVideoQualityUpgrade.mp4 complete (276 terminal events, t+41722s)
[rrv] progress: The_Hunchback_of_Notre_Dame.mp4 complete (277 terminal events, t+41890s)
[rrv] progress: The_Scar_1948.mp4 complete (278 terminal events, t+42471s)
[rrv] progress: TheyMadeMeAKiller.mp4 complete (279 terminal events, t+42556s)
[rrv] progress: ShockerInternetDriveIn-Week18aNaschyDoubleFeature.mp4 complete (280 terminal events, t+42567s)
[rrv] progress: The_Sign_OF_Four.mp4 complete (281 terminal events, t+42645s)
[rrv] progress: The_Wasp_Women.mp4 complete (282 terminal events, t+42667s)
[rrv] progress: U-67-TheSeaGhost.mp4 complete (283 terminal events, t+42850s)
[rrv] progress: The_Big_Lift.mp4 complete (284 terminal events, t+42903s)
[rrv] progress: ThisisNotaTest.mp4 complete (285 terminal events, t+42939s)
[rrv] progress: The_Pied_Piper_of_Hamelin.mp4 complete (286 terminal events, t+43089s)
[rrv] progress: UnderWesternStars.mp4 complete (287 terminal events, t+43110s)
[rrv] progress: UpInTheAir.mp4 complete (288 terminal events, t+43169s)
[rrv] progress: The_Fatal_Hour.mp4 complete (289 terminal events, t+43195s)
[rrv] progress: The_Sadist.mp4 complete (290 terminal events, t+43788s)
[rrv] progress: Two_Dollar_Bettor_movie.mp4 complete (291 terminal events, t+43862s)
[rrv] progress: The_Second_Woman_.mp4 complete (292 terminal events, t+44122s)
[rrv] progress: Timetable1956.mp4 complete (293 terminal events, t+44158s)
[rrv] progress: UnknownWorld.mp4 complete (294 terminal events, t+44262s)
[rrv] progress: The_Scarlet_Clue.mp4 complete (295 terminal events, t+44298s)
[rrv] progress: The_Thirteenth_Guest.mp4 complete (296 terminal events, t+44447s)
[rrv] progress: Trapped_.mp4 complete (297 terminal events, t+44511s)
[rrv] progress: ThunderintheCity.mp4 complete (298 terminal events, t+44581s)
[rrv] progress: Vampyr1932.mp4 complete (299 terminal events, t+44639s)
[rrv] progress: WolfBlood1925.mp4 complete (300 terminal events, t+44789s)
[rrv] progress: Yellowstone_.mp4 complete (301 terminal events, t+44873s)
[rrv] progress: The_Mystery_of_Mr._Wong.mp4 complete (302 terminal events, t+45072s)
[rrv] progress: VengeanceValley.mp4 complete (303 terminal events, t+45252s)
[rrv] progress: VoyagetothePlanetofPrehistoricWomen.mp4 complete (304 terminal events, t+45487s)
[rrv] progress: WorldGoneMad.mp4 complete (305 terminal events, t+45541s)
[rrv] progress: WarOfTheRobots.mp4 complete (306 terminal events, t+45642s)
[rrv] progress: TheWhiteWarrior1961.mp4 complete (307 terminal events, t+45901s)
[rrv] progress: aces_and_eights.mp4 complete (308 terminal events, t+45948s)
[rrv] progress: amazing_adventure.mp4 complete (309 terminal events, t+46009s)
[rrv] progress: abe_lincoln_of_the_4th_ave.mp4 complete (310 terminal events, t+46039s)
[rrv] progress: The_Son_of_Monte_Cristo.mp4 complete (311 terminal events, t+46094s)
[rrv] progress: WhereTheresAWill.mp4 complete (312 terminal events, t+46582s)
[rrv] progress: bad_boy.mp4 complete (313 terminal events, t+46667s)
[rrv] progress: Waltzes_from_Vienna.mp4 complete (314 terminal events, t+47058s)
[rrv] progress: WarOfTheWildcats-JohnWayne1943.mp4 complete (315 terminal events, t+47140s)
[rrv] progress: Werewolf_In_A_Girls_Dormitory.mp4 complete (316 terminal events, t+47333s)
[rrv] progress: amazing_mr_x.mp4 complete (317 terminal events, t+47393s)
[rrv] progress: Whistle_Stop.mp4 complete (318 terminal events, t+47461s)
[rrv] progress: beyond_bengal.mp4 complete (319 terminal events, t+47517s)
[rrv] progress: YoungandInnocentTheGirlWasYoung.mp4 complete (320 terminal events, t+47534s)
[rrv] progress: We_Dive_at_Dawn_1943.mp4 complete (321 terminal events, t+47690s)
[rrv] progress: bowery_blitzkrieg.mp4 complete (322 terminal events, t+47761s)
[rrv] progress: YoungLand.mp4 complete (323 terminal events, t+47761s)
[rrv] progress: boys_of_the_city.mp4 complete (324 terminal events, t+47863s)
[rrv] progress: airborne.mp4 complete (325 terminal events, t+48339s)
[rrv] progress: abraham_lincoln.mp4 complete (326 terminal events, t+48365s)
[rrv] progress: Woman_on_the_Run.mp4 complete (327 terminal events, t+48414s)
[rrv] progress: big_bluff.mp4 complete (328 terminal events, t+48438s)
[rrv] progress: british_intelligence.mp4 complete (329 terminal events, t+48510s)
[rrv] progress: american_empire.mp4 complete (330 terminal events, t+48529s)
[rrv] progress: born_to_the_saddle.mp4 complete (331 terminal events, t+48844s)
[rrv] progress: captain_calamity.mp4 complete (332 terminal events, t+49293s)
[rrv] progress: Topper_Returns_41.mp4 complete (333 terminal events, t+49419s)
[rrv] progress: call_of_the_wilderness.mp4 complete (334 terminal events, t+49460s)
[rrv] progress: brain_that_wouldnt_die.mp4 complete (335 terminal events, t+49497s)
[rrv] progress: calvary.mp4 complete (336 terminal events, t+49523s)
[rrv] progress: cavalcade_of_the_west.mp4 complete (337 terminal events, t+49873s)
[rrv] progress: angel_and_the_badman.mp4 complete (338 terminal events, t+50247s)
[rrv] progress: call_of_the_yukon.mp4 complete (339 terminal events, t+50287s)
[rrv] progress: cco_attackofthegiantleeches.mp4 complete (340 terminal events, t+50456s)
[rrv] progress: angel_on_my_shoulder.mp4 complete (341 terminal events, t+50551s)
[rrv] progress: big_trees.mp4 complete (342 terminal events, t+50755s)
[rrv] progress: brokenblossoms1919.mp4 complete (343 terminal events, t+50755s)
[rrv] progress: corruption.mp4 complete (344 terminal events, t+50861s)
[rrv] progress: club_paradise.mp4 complete (345 terminal events, t+50878s)
[rrv] progress: beneath_the_12-mile_reef.mp4 complete (346 terminal events, t+50960s)
[rrv] progress: cause_for_alarm_1951.mp4 complete (347 terminal events, t+51170s)
[rrv] progress: convicts_code.mp4 complete (348 terminal events, t+51188s)
[rrv] progress: cco_thegunandthepulpit.mp4 complete (349 terminal events, t+51556s)
[rrv] progress: city_of_missing_girls.mp4 complete (350 terminal events, t+51755s)
[rrv] progress: behave_yourself_ipod.mp4 complete (351 terminal events, t+51777s)
[rrv] progress: dick_tracy_detctive.mp4 complete (352 terminal events, t+51788s)
[rrv] progress: double_exposure.mp4 complete (353 terminal events, t+51963s)
[rrv] progress: cco_TheGiantofMarathon.mp4 complete (354 terminal events, t+52082s)
[rrv] progress: cco_jackandthebeanstalk.mp4 complete (355 terminal events, t+52163s)
[rrv] progress: calendar_girl.mp4 complete (356 terminal events, t+52173s)
[rrv] progress: dawn_of_the_great_divide.mp4 complete (357 terminal events, t+52196s)
[rrv] progress: fatal_hour.mp4 complete (358 terminal events, t+52213s)
[rrv] progress: Zeitgeist.Addendum.mp4 complete (359 terminal events, t+52263s)
[rrv] progress: charlie_chaplin_film_fest.mp4 complete (360 terminal events, t+52605s)
[rrv] progress: girl_o_my_dreams.mp4 complete (361 terminal events, t+52940s)
[rrv] progress: VirusFukkatsuNoHi1980.mp4 complete (362 terminal events, t+52965s)
[rrv] progress: cheers_for_miss_bishop.mp4 complete (363 terminal events, t+53050s)
[rrv] progress: frankenstein-1931-restored-movie-720p-hd.mp4 complete (364 terminal events, t+53326s)
[rrv] progress: dressed_to_kill.mp4 complete (365 terminal events, t+53597s)
[rrv] progress: cco__HerculesandtheCaptiveWomen.mp4 complete (366 terminal events, t+53597s)
[rrv] progress: dishonored_lady.mp4 complete (367 terminal events, t+54136s)
[rrv] progress: dreams-that-money-can-buy.mp4 complete (368 terminal events, t+54229s)
[rrv] progress: five_minutes_to_live.mp4 complete (369 terminal events, t+54842s)
[rrv] progress: gullivers_travels1939.mp4 complete (370 terminal events, t+54842s)
[rrv] progress: flight_to_nowhere.mp4 complete (371 terminal events, t+54849s)
[rrv] progress: farewell_to_arms.mp4 complete (372 terminal events, t+54867s)
[rrv] progress: hells_house.mp4 complete (373 terminal events, t+54924s)
[rrv] progress: house_of_secrets.mp4 complete (374 terminal events, t+54936s)
[rrv] progress: cco_virus.mp4 complete (375 terminal events, t+54952s)
[rrv] progress: its_a_joke_son.mp4 complete (376 terminal events, t+55033s)
[rrv] progress: jungle_man.mp4 complete (377 terminal events, t+55138s)
[rrv] progress: delightfully_dangerous.mp4 complete (378 terminal events, t+55216s)
[rrv] progress: great_commandment.mp4 complete (379 terminal events, t+55374s)
[rrv] progress: gammera.mp4 complete (380 terminal events, t+55573s)
[rrv] progress: indestructible_man.mp4 complete (381 terminal events, t+55675s)
[rrv] progress: harolddiddlebock.mp4 complete (382 terminal events, t+55711s)
[rrv] progress: iron_mask.mp4 complete (383 terminal events, t+55755s)
[rrv] progress: kid_dynamite.mp4 complete (384 terminal events, t+55878s)
[rrv] progress: kansas_pacific.mp4 complete (385 terminal events, t+56139s)
[rrv] progress: humanbondage.mp4 complete (386 terminal events, t+56500s)
[rrv] progress: cco_swordoflancelot.mp4 complete (387 terminal events, t+56697s)
[rrv] progress: love_island.mp4 complete (388 terminal events, t+56716s)
[rrv] progress: lil_abner.mp4 complete (389 terminal events, t+56890s)
[rrv] progress: killer_dill.mp4 complete (390 terminal events, t+56921s)
[rrv] progress: long_shot.mp4 complete (391 terminal events, t+57107s)
[rrv] progress: lumberjack1944.mp4 complete (392 terminal events, t+57107s)
[rrv] progress: his_girl_friday.mp4 complete (393 terminal events, t+57229s)
[rrv] progress: his_double_life.mp4 complete (394 terminal events, t+57244s)
[rrv] progress: dead_people_ipod.mp4 complete (395 terminal events, t+57536s)
[rrv] progress: heartbeat.mp4 complete (396 terminal events, t+57695s)
[rrv] progress: lost_world.mp4 complete (397 terminal events, t+57887s)
[rrv] progress: machine_gun_mama_1944.mp4 complete (398 terminal events, t+57896s)
[rrv] progress: missing_corpse.mp4 complete (399 terminal events, t+58521s)
[rrv] progress: ill_give_my_life.mp4 complete (400 terminal events, t+58830s)
[rrv] progress: lastmanonearth-1964.mp4 complete (401 terminal events, t+59013s)
[rrv] progress: house_on_haunted_hill_ipod.mp4 complete (402 terminal events, t+59066s)
[rrv] progress: impact.mp4 complete (403 terminal events, t+59081s)
[rrv] progress: mr_reckless.mp4 complete (404 terminal events, t+59192s)
[rrv] progress: little_men.mp4 complete (405 terminal events, t+59436s)
[rrv] progress: hot_rod_girl_1956.mp4 complete (406 terminal events, t+59565s)
[rrv] progress: last_of_the_mohicans_1920.mp4 complete (407 terminal events, t+59617s)
[rrv] progress: million_dollar_weekend.mp4 complete (408 terminal events, t+59785s)
[rrv] progress: mr_robinson_crusoe.mp4 complete (409 terminal events, t+59785s)
[rrv] progress: eternally_yours_ipod.mp4 complete (410 terminal events, t+59892s)
[rrv] progress: murder_on_the_campus.mp4 complete (411 terminal events, t+60001s)
[rrv] progress: little_princess.mp4 complete (412 terminal events, t+60026s)
[rrv] progress: northwest_trail.mp4 complete (413 terminal events, t+60052s)
[rrv] progress: neath_brooklyn_bridge.mp4 complete (414 terminal events, t+60086s)
[rrv] progress: kansascityconfidencial.mp4 complete (415 terminal events, t+60352s)
[rrv] progress: killer_diller.mp4 complete (416 terminal events, t+60557s)
[rrv] progress: little_lord_fauntleroy.mp4 complete (417 terminal events, t+60614s)
[rrv] progress: phantom_ship.mp4 complete (418 terminal events, t+60618s)
[rrv] progress: made_for_each_other_film.mp4 complete (419 terminal events, t+60762s)
[rrv] progress: mark_of_the_avenger_1938.mp4 complete (420 terminal events, t+60834s)
[rrv] progress: new_adventures_of_tarzan.mp4 complete (421 terminal events, t+60955s)
[rrv] progress: oliver_twist.mp4 complete (422 terminal events, t+61146s)
[rrv] progress: panthers_claw.mp4 complete (423 terminal events, t+61415s)
[rrv] progress: my_favorite_brunette.mp4 complete (424 terminal events, t+61665s)
[rrv] progress: last_time_i_saw_paris.mp4 complete (425 terminal events, t+61769s)
[rrv] progress: parole_inc.mp4 complete (426 terminal events, t+61829s)
[rrv] progress: dw_griffith_birth_of_a_nation.mp4 complete (427 terminal events, t+62049s)
[rrv] progress: ole_swimmin_hole.mp4 complete (428 terminal events, t+62066s)
[rrv] progress: my_dear_secretary.mp4 complete (429 terminal events, t+62133s)
[rrv] progress: parachute_battalion.mp4 complete (430 terminal events, t+62683s)
[rrv] progress: private_snuffy_smith.mp4 complete (431 terminal events, t+62746s)
[rrv] progress: private_buckaroo_ipod.mp4 complete (432 terminal events, t+62809s)
[rrv] progress: raiders_of_old_california_ipod.mp4 complete (433 terminal events, t+63022s)
[rrv] progress: renegade_girl.mp4 complete (434 terminal events, t+63104s)
[rrv] progress: nabonga_1944.mp4 complete (435 terminal events, t+63158s)
[rrv] progress: reefer_madness1938.mp4 complete (436 terminal events, t+63358s)
[rrv] progress: prison_mutiny_ipod.mp4 complete (437 terminal events, t+63520s)
[rrv] progress: nancy_drew_reporter.mp4 complete (438 terminal events, t+63522s)
[rrv] progress: rhythm_blues_review.mp4 complete (439 terminal events, t+63598s)
[rrv] progress: non_stop_new_york.mp4 complete (440 terminal events, t+63811s)
[rrv] progress: panorama_ephemera2004.mp4 complete (441 terminal events, t+63811s)
[rrv] progress: road_to_happiness.mp4 complete (442 terminal events, t+64154s)
[rrv] progress: she_gods_of_shark_reef.mp4 complete (443 terminal events, t+64232s)
[rrv] progress: planet_outlaws_ipod.mp4 complete (444 terminal events, t+64335s)
[rrv] progress: secret_weapon.mp4 complete (445 terminal events, t+64355s)
[rrv] progress: rogues_tavern.mp4 complete (446 terminal events, t+64439s)
[rrv] progress: meet_john_doe.mp4 complete (447 terminal events, t+64656s)
[rrv] progress: my_pal_trigger.mp4 complete (448 terminal events, t+64691s)
[rrv] progress: seven_were_saved.mp4 complete (449 terminal events, t+64905s)
[rrv] progress: rain1932.mp4 complete (450 terminal events, t+65038s)
[rrv] progress: sunset_murder_case.mp4 complete (451 terminal events, t+65143s)
[rrv] progress: miss_london_ltd_1943.mp4 complete (452 terminal events, t+65219s)
[rrv] progress: shock.mp4 complete (453 terminal events, t+65246s)
[rrv] progress: take_me_back_to_oklahoma.mp4 complete (454 terminal events, t+65404s)
[rrv] progress: rock_rock_rock.mp4 complete (455 terminal events, t+65528s)
[rrv] progress: shame_.mp4 complete (456 terminal events, t+66159s)
[rrv] progress: suddenly.mp4 complete (457 terminal events, t+66251s)
[rrv] progress: sos_your_aunt_emma_1942.mp4 complete (458 terminal events, t+66470s)
[rrv] progress: tarzan_and_the_green_goddess.mp4 complete (459 terminal events, t+66492s)
[rrv] progress: penny_serenade.mp4 complete (460 terminal events, t+66548s)
[rrv] progress: my_love_for_yours_ipod.mp4 complete (461 terminal events, t+66620s)
[rrv] progress: royal_wedding.mp4 complete (462 terminal events, t+66784s)
[rrv] progress: the_ghost_walks.mp4 complete (463 terminal events, t+66819s)
[rrv] progress: the_local_bad_man.mp4 complete (464 terminal events, t+66911s)
[rrv] progress: tarzans_revenge.mp4 complete (465 terminal events, t+66964s)
[rrv] progress: sundowners.mp4 complete (466 terminal events, t+67009s)
[rrv] progress: the_million_dollar_kid.mp4 complete (467 terminal events, t+67097s)
[rrv] progress: the_gorilla.mp4 complete (468 terminal events, t+67120s)
[rrv] progress: the_quiet_one.mp4 complete (469 terminal events, t+67599s)
[rrv] progress: pot_o_gold.mp4 complete (470 terminal events, t+67630s)
[rrv] progress: street_angel.mp4 complete (471 terminal events, t+67636s)
[rrv] progress: the_bashful_bachelor.mp4 complete (472 terminal events, t+67865s)
[rrv] progress: the_snow_queen_1959_animation.mp4 complete (473 terminal events, t+67948s)
[rrv] progress: slave_in_bondage.mp4 complete (474 terminal events, t+67996s)
[rrv] progress: they_raid_by_night.mp4 complete (475 terminal events, t+68053s)
[rrv] progress: thepayoff.mp4 complete (476 terminal events, t+68324s)
[rrv] progress: the_contender_ipod.mp4 complete (477 terminal events, t+68360s)
[rrv] progress: timber_queen.mp4 complete (478 terminal events, t+68448s)
[rrv] progress: submarine_alert.mp4 complete (479 terminal events, t+68458s)
[rrv] progress: steamboat_bill_ipod.mp4 complete (480 terminal events, t+68468s)
[rrv] progress: war_dogs.mp4 complete (481 terminal events, t+68513s)
[rrv] progress: waterfront.mp4 complete (482 terminal events, t+68571s)
[rrv] progress: second_chorus_1940.mp4 complete (483 terminal events, t+68694s)
[rrv] progress: publicmovies212.mp4 complete (484 terminal events, t+68795s)
[rrv] progress: white_zombie.mp4 complete (485 terminal events, t+68899s)
[rrv] progress: the_green_glove.mp4 complete (486 terminal events, t+68904s)
[rrv] progress: the_devils_party.mp4 complete (487 terminal events, t+68934s)
[rrv] progress: waterfront_lady_1935.mp4 complete (488 terminal events, t+69083s)
[rrv] progress: under_california_stars.mp4 complete (489 terminal events, t+69172s)
[rrv] progress: mclintok_widescreen.mp4 complete (490 terminal events, t+69175s)
[rrv] progress: teenagers_from_outerspace.mp4 complete (491 terminal events, t+69318s)
[rrv] progress: werewolf_washington.mp4 complete (492 terminal events, t+69463s)
[rrv] progress: transatlantic_tunnel.mp4 complete (493 terminal events, t+69479s)
[rrv] progress: things_to_come_ipod.mp4 complete (494 terminal events, t+69484s)
[rrv] progress: the_stork_club.mp4 complete (495 terminal events, t+69527s)
[rrv] progress: rockstar-2011.mp4 complete (496 terminal events, t+69592s)
[rrv] progress: till_the_clouds_roll_by.mp4 complete (497 terminal events, t+69654s)
[rrv] progress: the-grapes-of-wrath-1940.mp4 complete (498 terminal events, t+69659s)
[rrv] client-observed completions for 498/498 (last at 100% of span)
[rrv] DONE mode=blast: 498/498 ok, 53561 chunks, span=69384.5s (674.75 h footage -> 35.0x realtime)
[rrv] terminate failed: AttributeError: 'NoneType' object has no attribute 'disconnect'
