[120MB] Downloading debugpy (3.8MiB)
[120MB]  Downloaded debugpy
[120MB] Prepared 1 package in 193ms
[120MB] Installed 1 package in 21ms
[120MB]  + debugpy==1.8.21

        _____            _        _   _____  _     _
       |  __ \          | |      | | |  __ \(_)   | |
       | |__) |___   ___| | _____| |_| |__) |_  __| | ___
       |  _  // _ \ / __| |/ / _ \ __|  _  /| |/ _` |/ _ \
       | | \ \ (_) | (__|   <  __/ |_| | \ \| | (_| |  __/
       |_|  \_\___/ \___|_|\_\___|\__|_|  \_\_|\__,_|\___|


            Copyright (c) 2026 Aparavi Software AG
                    All rights reserved
    
INFO:     Started server process [1]
INFO:     Waiting for application startup.
INFO:     Application startup complete.
INFO:     Uvicorn running on http://localhost:5565 (Press CTRL+C to quit)
INFO:     127.0.0.1:38522 - "WebSocket /task/service" [accepted]
INFO:     connection open
INFO:     127.0.0.1:51730 - "WebSocket /task/service" [accepted]
INFO:     connection open
INFO:     Shutting down
INFO:     Waiting for background tasks to complete. (CTRL+C to force quit)
[entrypoint] booting RocketRide engine on :5565

        _____            _        _   _____  _     _
       |  __ \          | |      | | |  __ \(_)   | |
       | |__) |___   ___| | _____| |_| |__) |_  __| | ___
       |  _  // _ \ / __| |/ / _ \ __|  _  /| |/ _` |/ _ \
       | | \ \ (_) | (__|   <  __/ |_| | \ \| | (_| |  __/
       |_|  \_\___/ \___|_|\_\___|\__|_|  \_\_|\__,_|\___|


            Copyright (c) 2026 Aparavi Software AG
                    All rights reserved
    
INFO:     Started server process [1]
INFO:     Waiting for application startup.
INFO:     Application startup complete.
INFO:     Uvicorn running on http://localhost:5565 (Press CTRL+C to quit)
INFO:     Shutting down
INFO:     Waiting for application shutdown.
INFO:     Application shutdown complete.
INFO:     Finished server process [1]
Traceback (most recent call last):
  File "/opt/rocketride/engine/ai/eaas.py", line 178, in <module>
    main()
  File "/opt/rocketride/engine/ai/eaas.py", line 172, in main
    asyncio.run(run())
  File "/opt/rocketride/engine/lib/python3.12/asyncio/runners.py", line 195, in run
    return runner.run(main)
           ^^^^^^^^^^^^^^^^
  File "/opt/rocketride/engine/lib/python3.12/asyncio/runners.py", line 118, in run
    return self._loop.run_until_complete(task)
           ^^^^^^^^^^^^^^^^^^^^^^^^^^^^^^^^^^^
  File "/opt/rocketride/engine/lib/python3.12/asyncio/base_events.py", line 691, in run_until_complete
    return future.result()
           ^^^^^^^^^^^^^^^
  File "/opt/rocketride/engine/ai/eaas.py", line 166, in run
    await server.serve()
  File "/opt/rocketride/engine/ai/web/server.py", line 978, in serve
    await self.server.serve()
  File "/opt/rocketride/engine/lib/python3.12/site-packages/uvicorn/server.py", line 80, in serve
    with self.capture_signals():
         ^^^^^^^^^^^^^^^^^^^^^^
  File "/opt/rocketride/engine/lib/python3.12/contextlib.py", line 144, in __exit__
    next(self.gen)
  File "/opt/rocketride/engine/lib/python3.12/site-packages/uvicorn/server.py", line 335, in capture_signals
    signal.signal(sig, handler)
  File "/opt/rocketride/engine/lib/python3.12/signal.py", line 58, in signal
    handler = _signal.signal(_enum_to_int(signalnum), _enum_to_int(handler))
              ^^^^^^^^^^^^^^^^^^^^^^^^^^^^^^^^^^^^^^^^^^^^^^^^^^^^^^^^^^^^^^
TypeError: signal handler must be signal.SIG_IGN, signal.SIG_DFL, or a callable object
[114MB] Exit: Python (ap:0x3c) init.cpp:536
        Message: Python error 1
[entrypoint] booting RocketRide engine on :5565

        _____            _        _   _____  _     _
       |  __ \          | |      | | |  __ \(_)   | |
       | |__) |___   ___| | _____| |_| |__) |_  __| | ___
       |  _  // _ \ / __| |/ / _ \ __|  _  /| |/ _` |/ _ \
       | | \ \ (_) | (__|   <  __/ |_| | \ \| | (_| |  __/
       |_|  \_\___/ \___|_|\_\___|\__|_|  \_\_|\__,_|\___|


            Copyright (c) 2026 Aparavi Software AG
                    All rights reserved
    
INFO:     Started server process [1]
INFO:     Waiting for application startup.
INFO:     Application startup complete.
INFO:     Uvicorn running on http://localhost:5565 (Press CTRL+C to quit)
INFO:     127.0.0.1:59586 - "WebSocket /task/service" [accepted]
INFO:     connection open
INFO:     127.0.0.1:35780 - "WebSocket /task/service" [accepted]
INFO:     connection open
