 Container aws_videobench-smoke-run-b2c49a8ac9e0 Creating 
 Container aws_videobench-smoke-run-b2c49a8ac9e0 Created 
[lg1] posture=lg_workers8_1port_c32: 8 distinct workers seen on one port (pids [8, 9, 10, 11, 12, 13, 14, 15]), torch 4/1, detect concurrency 1
[lg1] warm-up: all 8 workers served (32 warm requests, 2 round(s)); excluded
[lg1] 1/168 ES2005a.avi pid=9 completed
[lg1] 2/168 ES2004a.avi pid=8 completed
[lg1] 3/168 ES2005d.avi pid=8 completed
[lg1] 4/168 EN2001d.avi pid=11 completed
[lg1] 5/168 ES2004d.avi pid=8 completed
[lg1] 6/168 EN2006a.avi pid=15 completed
[lg1] 7/168 ES2007a.avi pid=8 completed
[lg1] 8/168 ES2003a.avi pid=14 completed
[lg1] 9/168 ES2007d.avi pid=15 completed
[lg1] 10/168 ES2007c.avi pid=8 completed
[lg1] 11/168 ES2008b.avi pid=10 completed
[lg1] 12/168 ES2002a.avi pid=14 completed
[lg1] 13/168 ES2006a.avi pid=9 completed
[lg1] 14/168 ES2009a.avi pid=11 completed
[lg1] 15/168 ES2009b.avi pid=10 completed
[lg1] 16/168 ES2009c.avi pid=8 completed
[lg1] 17/168 ES2008a.avi pid=14 completed
[lg1] 18/168 ES2010a.avi pid=10 completed
[lg1] 19/168 EN2002b.avi pid=14 completed
[lg1] 20/168 ES2003b.avi pid=9 completed
[lg1] 21/168 ES2010b.avi pid=8 completed
[lg1] 22/168 ES2010c.avi pid=11 completed
[lg1] 23/168 EN2002a.avi pid=14 completed
[lg1] 24/168 ES2003c.avi pid=14 completed
[lg1] 25/168 ES2011a.avi pid=10 completed
[lg1] 26/168 ES2005b.avi pid=14 completed
[lg1] 27/168 EN2009b.avi pid=14 completed
[lg1] 28/168 ES2006b.avi pid=14 completed
[lg1] 29/168 ES2002c.avi pid=14 completed
[lg1] 30/168 ES2012d.avi pid=11 completed
[lg1] 31/168 ES2013a.avi pid=11 completed
[lg1] 32/168 ES2010d.avi pid=14 completed
[lg1] 33/168 ES2004c.avi pid=12 completed
[lg1] 34/168 ES2012a.avi pid=14 completed
[lg1] 35/168 ES2007b.avi pid=9 completed
[lg1] 36/168 EN2003a.avi pid=12 completed
[lg1] 37/168 EN2001a.avi pid=14 completed
[lg1] 38/168 ES2002b.avi pid=9 completed
[lg1] 39/168 ES2004b.avi pid=9 completed
[lg1] 40/168 EN2002d.avi pid=12 completed
[lg1] 41/168 ES2003d.avi pid=9 completed
[lg1] 42/168 ES2005c.avi pid=9 completed
[lg1] 43/168 ES2016a.avi pid=13 completed
[lg1] 44/168 ES2012c.avi pid=14 completed
[lg1] 45/168 ES2012b.avi pid=14 completed
[lg1] 46/168 ES2013d.avi pid=14 completed
[lg1] 47/168 ES2006d.avi pid=9 completed
[lg1] 48/168 ES2014c.avi pid=10 completed
[lg1] 49/168 ES2016b.avi pid=11 completed
[lg1] 50/168 ES2015c.avi pid=10 completed
[lg1] 51/168 ES2016c.avi pid=8 completed
[lg1] 52/168 ES2006c.avi pid=12 completed
[lg1] 53/168 ES2016d.avi pid=14 completed
[lg1] 54/168 ES2002d.avi pid=12 completed
[lg1] 55/168 IB4001.avi pid=14 completed
[lg1] 56/168 IB4002.avi pid=14 completed
[lg1] 57/168 EN2002c.avi pid=9 completed
[lg1] 58/168 IB4005.avi pid=14 completed
[lg1] 59/168 IN1002.avi pid=10 completed
[lg1] 60/168 IN1001.avi pid=8 completed
[lg1] 61/168 IB4004.avi pid=14 completed
[lg1] 62/168 IN1009.avi pid=14 completed
[lg1] 63/168 EN2009c.avi pid=12 completed
[lg1] 64/168 ES2008c.avi pid=12 completed
[lg1] 65/168 IN1012.avi pid=14 completed
[lg1] 66/168 EN2006b.avi pid=12 completed
[lg1] 67/168 IS1000b.avi pid=10 completed
[lg1] 68/168 IS1000c.avi pid=14 completed
[lg1] 69/168 ES2014a.avi pid=9 completed
[lg1] 70/168 IS1001a.avi pid=8 completed
[lg1] 71/168 IS1001d.avi pid=14 completed
[lg1] 72/168 ES2015a.avi pid=12 completed
[lg1] 73/168 IS1001c.avi pid=15 completed
[lg1] 74/168 IS1001b.avi pid=13 completed
[lg1] 75/168 IS1000d.avi pid=8 completed
[lg1] 76/168 IS1003a.avi pid=11 completed
[lg1] 77/168 ES2011b.avi pid=9 completed
[lg1] 78/168 EN2001b.avi pid=9 completed
[lg1] 79/168 IS1003b.avi pid=14 completed
[lg1] 80/168 IS1003c.avi pid=14 completed
[lg1] 81/168 EN2004a.avi pid=12 completed
[lg1] 82/168 ES2011c.avi pid=9 completed
[lg1] 83/168 EN2001e.avi pid=12 completed
[lg1] 84/168 EN2005a.avi pid=12 completed
[lg1] 85/168 EN2009d.avi pid=9 completed
[lg1] 86/168 ES2008d.avi pid=12 completed
[lg1] 87/168 IS1005a.avi pid=14 completed
[lg1] 88/168 IS1005b.avi pid=11 completed
[lg1] 89/168 ES2009d.avi pid=9 completed
[lg1] 90/168 IS1007a.avi pid=8 completed
[lg1] 91/168 IS1004c.avi pid=14 completed
[lg1] 92/168 IS1004d.avi pid=14 completed
[lg1] 93/168 IS1006d.avi pid=10 completed
[lg1] 94/168 ES2011d.avi pid=9 completed
[lg1] 95/168 IS1008a.avi pid=14 completed
[lg1] 96/168 IS1006b.avi pid=11 completed
[lg1] 97/168 IS1006c.avi pid=11 completed
[lg1] 98/168 ES2013b.avi pid=12 completed
[lg1] 99/168 IS1008b.avi pid=13 completed
[lg1] 100/168 IS1007d.avi pid=14 completed
[lg1] 101/168 IS1008c.avi pid=11 completed
[lg1] 102/168 IS1009a.avi pid=14 completed
[lg1] 103/168 IS1004a.avi pid=12 completed
[lg1] 104/168 IS1009d.avi pid=14 completed
[lg1] 105/168 TS3004a.avi pid=8 completed
[lg1] 106/168 ES2014b.avi pid=12 completed
[lg1] 107/168 ES2015b.avi pid=12 completed
[lg1] 108/168 IS1000a.avi pid=12 completed
[lg1] 109/168 TS3003c.avi pid=14 completed
[lg1] 110/168 TS3004b.avi pid=10 completed
[lg1] 111/168 ES2015d.avi pid=9 completed
[lg1] 112/168 TS3004d.avi pid=10 completed
[lg1] 113/168 ES2014d.avi pid=12 completed
[lg1] 114/168 TS3005c.avi pid=8 completed
[lg1] 115/168 TS3005d.avi pid=14 completed
[lg1] 116/168 IS1003d.avi pid=12 completed
[lg1] 117/168 IS1002b.avi pid=12 completed
[lg1] 118/168 TS3005a.avi pid=12 completed
[lg1] 119/168 IS1009c.avi pid=12 completed
[lg1] 120/168 TS3006b.avi pid=14 completed
[lg1] 121/168 IN1013.avi pid=12 completed
[lg1] 122/168 IN1008.avi pid=12 completed
[lg1] 123/168 TS3006d.avi pid=14 completed
[lg1] 124/168 ES2013c.avi pid=9 completed
[lg1] 125/168 TS3007c.avi pid=8 completed
[lg1] 126/168 IB4003.avi pid=9 completed
[lg1] 127/168 IS1006a.avi pid=9 completed
[lg1] 128/168 TS3009b.avi pid=15 completed
[lg1] 129/168 TS3008d.avi pid=11 completed
[lg1] 130/168 TS3009c.avi pid=14 completed
[lg1] 131/168 TS3008a.avi pid=12 completed
[lg1] 132/168 TS3010a.avi pid=11 completed
[lg1] 133/168 TS3009a.avi pid=12 completed
[lg1] 134/168 TS3007b.avi pid=12 completed
[lg1] 135/168 TS3010c.avi pid=11 completed
[lg1] 136/168 IS1002d.avi pid=9 completed
[lg1] 137/168 TS3008c.avi pid=12 completed
[lg1] 138/168 TS3011a.avi pid=14 completed
[lg1] 139/168 TS3010b.avi pid=14 completed
[lg1] 140/168 TS3012a.avi pid=14 completed
[lg1] 141/168 TS3011c.avi pid=14 completed
[lg1] 142/168 IB4011.avi pid=9 completed
[lg1] 143/168 IS1007b.avi pid=9 completed
[lg1] 144/168 IN1007.avi pid=9 completed
[lg1] 145/168 IS1008d.avi pid=9 completed
[lg1] 146/168 IS1002c.avi pid=9 completed
[lg1] 147/168 TS3006a.avi pid=9 completed
[lg1] 148/168 TS3003a.avi pid=9 completed
[lg1] 149/168 TS3007a.avi pid=9 completed
[lg1] 150/168 IB4010.avi pid=9 completed
[lg1] 151/168 IN1005.avi pid=9 completed
[lg1] 152/168 IS1004b.avi pid=9 completed
[lg1] 153/168 IS1005c.avi pid=9 completed
[lg1] 154/168 IS1007c.avi pid=9 completed
[lg1] 155/168 IS1009b.avi pid=9 completed
[lg1] 156/168 TS3003b.avi pid=9 completed
[lg1] 157/168 TS3010d.avi pid=9 completed
[lg1] 158/168 TS3005b.avi pid=9 completed
[lg1] 159/168 TS3009d.avi pid=9 completed
[lg1] 160/168 IN1016.avi pid=9 completed
[lg1] 161/168 TS3008b.avi pid=9 completed
[lg1] 162/168 TS3011b.avi pid=9 completed
[lg1] 163/168 TS3011d.avi pid=9 completed
[lg1] 164/168 IN1014.avi pid=9 completed
[lg1] 165/168 TS3006c.avi pid=9 completed
[lg1] 166/168 TS3004c.avi pid=9 completed
[lg1] 167/168 TS3012b.avi pid=9 completed
[lg1] 168/168 TS3007d.avi pid=9 completed
[lg1] DONE lg_workers8_1port_c32: 168/168 ok, 14022 chunks, span=3433.6s (100.7x realtime); videos per worker pid: {9: 49, 14: 43, 12: 29, 8: 15, 11: 14, 10: 11, 15: 4, 13: 3}
